// Jest Snapshot v1, https://goo.gl/fbAQLP

exports[`SearchPage should be rendered correctly 1`] = `
Array [
  <div
    className="row"
  >
    <div
      className="col-6"
    >
      <SearchSummaryContainer />
    </div>
    <div
      className="col-6 text-right"
    >
      <SearchViewTabsContainer />
    </div>
  </div>,
  <SearchResultsContainer />,
]
`;
